Parser warnings: - No valid JSON object found
Trajectory dumped to /home/ubuntu/tb21/jobs/tb21c-8x512k-hyd-p1-s1/compile-compcert__Wx9DEjs/agent/trajectory.json
Trajectory dumped to /home/ubuntu/tb21/jobs/tb21c-8x512k-hyd-p1-s1/compile-compcert__Wx9DEjs/agent/trajectory.json
Trajectory dumped to /home/ubuntu/tb21/jobs/tb21c-8x512k-hyd-p1-s1/compile-compcert__Wx9DEjs/agent/trajectory.json
Trajectory dumped to /home/ubuntu/tb21/jobs/tb21c-8x512k-hyd-p1-s1/compile-compcert__Wx9DEjs/agent/trajectory.json
Trajectory dumped to /home/ubuntu/tb21/jobs/tb21c-8x512k-hyd-p1-s1/compile-compcert__Wx9DEjs/agent/trajectory.json
Trajectory dumped to /home/ubuntu/tb21/jobs/tb21c-8x512k-hyd-p1-s1/compile-compcert__Wx9DEjs/agent/trajectory.json
Trajectory dumped to /home/ubuntu/tb21/jobs/tb21c-8x512k-hyd-p1-s1/compile-compcert__Wx9DEjs/agent/trajectory.json
Trajectory dumped to /home/ubuntu/tb21/jobs/tb21c-8x512k-hyd-p1-s1/compile-compcert__Wx9DEjs/agent/trajectory.json
Trajectory dumped to /home/ubuntu/tb21/jobs/tb21c-8x512k-hyd-p1-s1/compile-compcert__Wx9DEjs/agent/trajectory.json
Trajectory dumped to /home/ubuntu/tb21/jobs/tb21c-8x512k-hyd-p1-s1/compile-compcert__Wx9DEjs/agent/trajectory.json
Trajectory dumped to /home/ubuntu/tb21/jobs/tb21c-8x512k-hyd-p1-s1/compile-compcert__Wx9DEjs/agent/trajectory.json
Trajectory dumped to /home/ubuntu/tb21/jobs/tb21c-8x512k-hyd-p1-s1/compile-compcert__Wx9DEjs/agent/trajectory.json
Trajectory dumped to /home/ubuntu/tb21/jobs/tb21c-8x512k-hyd-p1-s1/compile-compcert__Wx9DEjs/agent/trajectory.json
Trajectory dumped to /home/ubuntu/tb21/jobs/tb21c-8x512k-hyd-p1-s1/compile-compcert__Wx9DEjs/agent/trajectory.json
Parser warnings: - Extra text detected before JSON object
Trajectory dumped to /home/ubuntu/tb21/jobs/tb21c-8x512k-hyd-p1-s1/compile-compcert__Wx9DEjs/agent/trajectory.json
Parser warnings: - Extra text detected before JSON object
Trajectory dumped to /home/ubuntu/tb21/jobs/tb21c-8x512k-hyd-p1-s1/compile-compcert__Wx9DEjs/agent/trajectory.json
Parser warnings: - Extra text detected before JSON object
Trajectory dumped to /home/ubuntu/tb21/jobs/tb21c-8x512k-hyd-p1-s1/compile-compcert__Wx9DEjs/agent/trajectory.json
Parser warnings: - Extra text detected before JSON object
Trajectory dumped to /home/ubuntu/tb21/jobs/tb21c-8x512k-hyd-p1-s1/compile-compcert__Wx9DEjs/agent/trajectory.json
Parser warnings: - Extra text detected before JSON object
Trajectory dumped to /home/ubuntu/tb21/jobs/tb21c-8x512k-hyd-p1-s1/compile-compcert__Wx9DEjs/agent/trajectory.json
Parser warnings: - Extra text detected before JSON object
Trajectory dumped to /home/ubuntu/tb21/jobs/tb21c-8x512k-hyd-p1-s1/compile-compcert__Wx9DEjs/agent/trajectory.json
Parser warnings: - Extra text detected before JSON object
Trajectory dumped to /home/ubuntu/tb21/jobs/tb21c-8x512k-hyd-p1-s1/compile-compcert__Wx9DEjs/agent/trajectory.json
Parser warnings: - Extra text detected before JSON object
Trajectory dumped to /home/ubuntu/tb21/jobs/tb21c-8x512k-hyd-p1-s1/compile-compcert__Wx9DEjs/agent/trajectory.json
Parser warnings: - Extra text detected before JSON object
Trajectory dumped to /home/ubuntu/tb21/jobs/tb21c-8x512k-hyd-p1-s1/compile-compcert__Wx9DEjs/agent/trajectory.json
Parser warnings: - Extra text detected before JSON object
Trajectory dumped to /home/ubuntu/tb21/jobs/tb21c-8x512k-hyd-p1-s1/compile-compcert__Wx9DEjs/agent/trajectory.json
Parser warnings: - Extra text detected before JSON object
Trajectory dumped to /home/ubuntu/tb21/jobs/tb21c-8x512k-hyd-p1-s1/compile-compcert__Wx9DEjs/agent/trajectory.json
Parser warnings: - Extra text detected before JSON object
Trajectory dumped to /home/ubuntu/tb21/jobs/tb21c-8x512k-hyd-p1-s1/compile-compcert__Wx9DEjs/agent/trajectory.json
Parser warnings: - Extra text detected before JSON object
Trajectory dumped to /home/ubuntu/tb21/jobs/tb21c-8x512k-hyd-p1-s1/compile-compcert__Wx9DEjs/agent/trajectory.json
Parser warnings: - Extra text detected before JSON object
Trajectory dumped to /home/ubuntu/tb21/jobs/tb21c-8x512k-hyd-p1-s1/compile-compcert__Wx9DEjs/agent/trajectory.json
Parser warnings: - Extra text detected before JSON object
Trajectory dumped to /home/ubuntu/tb21/jobs/tb21c-8x512k-hyd-p1-s1/compile-compcert__Wx9DEjs/agent/trajectory.json
Parser warnings: - Extra text detected before JSON object
Trajectory dumped to /home/ubuntu/tb21/jobs/tb21c-8x512k-hyd-p1-s1/compile-compcert__Wx9DEjs/agent/trajectory.json
Parser warnings: - Extra text detected before JSON object
Trajectory dumped to /home/ubuntu/tb21/jobs/tb21c-8x512k-hyd-p1-s1/compile-compcert__Wx9DEjs/agent/trajectory.json
Parser warnings: - Extra text detected before JSON object
Trajectory dumped to /home/ubuntu/tb21/jobs/tb21c-8x512k-hyd-p1-s1/compile-compcert__Wx9DEjs/agent/trajectory.json
Parser warnings: - Extra text detected before JSON object
Trajectory dumped to /home/ubuntu/tb21/jobs/tb21c-8x512k-hyd-p1-s1/compile-compcert__Wx9DEjs/agent/trajectory.json
Parser warnings: - Extra text detected before JSON object
Trajectory dumped to /home/ubuntu/tb21/jobs/tb21c-8x512k-hyd-p1-s1/compile-compcert__Wx9DEjs/agent/trajectory.json
Parser warnings: - Extra text detected before JSON object
Trajectory dumped to /home/ubuntu/tb21/jobs/tb21c-8x512k-hyd-p1-s1/compile-compcert__Wx9DEjs/agent/trajectory.json
Parser warnings: - Extra text detected before JSON object
Trajectory dumped to /home/ubuntu/tb21/jobs/tb21c-8x512k-hyd-p1-s1/compile-compcert__Wx9DEjs/agent/trajectory.json
Parser warnings: - Extra text detected before JSON object
Trajectory dumped to /home/ubuntu/tb21/jobs/tb21c-8x512k-hyd-p1-s1/compile-compcert__Wx9DEjs/agent/trajectory.json
Parser warnings: - Extra text detected before JSON object
Trajectory dumped to /home/ubuntu/tb21/jobs/tb21c-8x512k-hyd-p1-s1/compile-compcert__Wx9DEjs/agent/trajectory.json
Parser warnings: - Extra text detected before JSON object
Trajectory dumped to /home/ubuntu/tb21/jobs/tb21c-8x512k-hyd-p1-s1/compile-compcert__Wx9DEjs/agent/trajectory.json
Parser warnings: - Extra text detected before JSON object
Trajectory dumped to /home/ubuntu/tb21/jobs/tb21c-8x512k-hyd-p1-s1/compile-compcert__Wx9DEjs/agent/trajectory.json
Parser warnings: - Extra text detected before JSON object
Trajectory dumped to /home/ubuntu/tb21/jobs/tb21c-8x512k-hyd-p1-s1/compile-compcert__Wx9DEjs/agent/trajectory.json
Parser warnings: - Extra text detected before JSON object
Trajectory dumped to /home/ubuntu/tb21/jobs/tb21c-8x512k-hyd-p1-s1/compile-compcert__Wx9DEjs/agent/trajectory.json
Parser warnings: - Extra text detected before JSON object
Trajectory dumped to /home/ubuntu/tb21/jobs/tb21c-8x512k-hyd-p1-s1/compile-compcert__Wx9DEjs/agent/trajectory.json
Parser warnings: - Extra text detected before JSON object
Trajectory dumped to /home/ubuntu/tb21/jobs/tb21c-8x512k-hyd-p1-s1/compile-compcert__Wx9DEjs/agent/trajectory.json
Parser warnings: - Extra text detected before JSON object
Trajectory dumped to /home/ubuntu/tb21/jobs/tb21c-8x512k-hyd-p1-s1/compile-compcert__Wx9DEjs/agent/trajectory.json
Parser warnings: - Extra text detected before JSON object
Trajectory dumped to /home/ubuntu/tb21/jobs/tb21c-8x512k-hyd-p1-s1/compile-compcert__Wx9DEjs/agent/trajectory.json
Parser warnings: - Extra text detected before JSON object
Trajectory dumped to /home/ubuntu/tb21/jobs/tb21c-8x512k-hyd-p1-s1/compile-compcert__Wx9DEjs/agent/trajectory.json
Parser warnings: - Extra text detected before JSON object
Trajectory dumped to /home/ubuntu/tb21/jobs/tb21c-8x512k-hyd-p1-s1/compile-compcert__Wx9DEjs/agent/trajectory.json
Parser warnings: - Extra text detected before JSON object
Trajectory dumped to /home/ubuntu/tb21/jobs/tb21c-8x512k-hyd-p1-s1/compile-compcert__Wx9DEjs/agent/trajectory.json
Parser warnings: - Extra text detected before JSON object
Trajectory dumped to /home/ubuntu/tb21/jobs/tb21c-8x512k-hyd-p1-s1/compile-compcert__Wx9DEjs/agent/trajectory.json
Parser warnings: - Extra text detected before JSON object
Trajectory dumped to /home/ubuntu/tb21/jobs/tb21c-8x512k-hyd-p1-s1/compile-compcert__Wx9DEjs/agent/trajectory.json
Parser warnings: - Extra text detected before JSON object
Trajectory dumped to /home/ubuntu/tb21/jobs/tb21c-8x512k-hyd-p1-s1/compile-compcert__Wx9DEjs/agent/trajectory.json
Parser warnings: - Extra text detected before JSON object
Trajectory dumped to /home/ubuntu/tb21/jobs/tb21c-8x512k-hyd-p1-s1/compile-compcert__Wx9DEjs/agent/trajectory.json
Parser warnings: - Extra text detected before JSON object
Trajectory dumped to /home/ubuntu/tb21/jobs/tb21c-8x512k-hyd-p1-s1/compile-compcert__Wx9DEjs/agent/trajectory.json
Parser warnings: - Extra text detected before JSON object
Trajectory dumped to /home/ubuntu/tb21/jobs/tb21c-8x512k-hyd-p1-s1/compile-compcert__Wx9DEjs/agent/trajectory.json
Parser warnings: - Extra text detected before JSON object
Trajectory dumped to /home/ubuntu/tb21/jobs/tb21c-8x512k-hyd-p1-s1/compile-compcert__Wx9DEjs/agent/trajectory.json
Parser warnings: - Extra text detected before JSON object
Trajectory dumped to /home/ubuntu/tb21/jobs/tb21c-8x512k-hyd-p1-s1/compile-compcert__Wx9DEjs/agent/trajectory.json
Parser warnings: - Extra text detected before JSON object
Trajectory dumped to /home/ubuntu/tb21/jobs/tb21c-8x512k-hyd-p1-s1/compile-compcert__Wx9DEjs/agent/trajectory.json
Parser warnings: - Extra text detected before JSON object
Trajectory dumped to /home/ubuntu/tb21/jobs/tb21c-8x512k-hyd-p1-s1/compile-compcert__Wx9DEjs/agent/trajectory.json
Parser warnings: - Extra text detected before JSON object
Trajectory dumped to /home/ubuntu/tb21/jobs/tb21c-8x512k-hyd-p1-s1/compile-compcert__Wx9DEjs/agent/trajectory.json
Parser warnings: - Extra text detected before JSON object
Trajectory dumped to /home/ubuntu/tb21/jobs/tb21c-8x512k-hyd-p1-s1/compile-compcert__Wx9DEjs/agent/trajectory.json
Trajectory dumped to /home/ubuntu/tb21/jobs/tb21c-8x512k-hyd-p1-s1/compile-compcert__Wx9DEjs/agent/trajectory.json
Trajectory dumped to /home/ubuntu/tb21/jobs/tb21c-8x512k-hyd-p1-s1/compile-compcert__Wx9DEjs/agent/trajectory.json
Collecting main service artifacts
Skipping unscrubbable trial output /home/ubuntu/tb21/jobs/tb21c-8x512k-hyd-p1-s1/compile-compcert__Wx9DEjs/agent/terminus_2.pane: 'utf-8' codec can't decode byte 0x84 in position 80659: invalid start byte
