Parser warnings: - No valid JSON object found
Trajectory dumped to /home/ubuntu/tb21/jobs/tb21c-8x512k-hyd-p1-s5/make-mips-interpreter__DFZMhpv/agent/trajectory.json
Trajectory dumped to /home/ubuntu/tb21/jobs/tb21c-8x512k-hyd-p1-s5/make-mips-interpreter__DFZMhpv/agent/trajectory.json
Trajectory dumped to /home/ubuntu/tb21/jobs/tb21c-8x512k-hyd-p1-s5/make-mips-interpreter__DFZMhpv/agent/trajectory.json
Trajectory dumped to /home/ubuntu/tb21/jobs/tb21c-8x512k-hyd-p1-s5/make-mips-interpreter__DFZMhpv/agent/trajectory.json
Parser warnings: - Extra text detected before JSON object
Trajectory dumped to /home/ubuntu/tb21/jobs/tb21c-8x512k-hyd-p1-s5/make-mips-interpreter__DFZMhpv/agent/trajectory.json
Parser warnings: - Extra text detected before JSON object
Trajectory dumped to /home/ubuntu/tb21/jobs/tb21c-8x512k-hyd-p1-s5/make-mips-interpreter__DFZMhpv/agent/trajectory.json
Parser warnings: - Extra text detected before JSON object
Trajectory dumped to /home/ubuntu/tb21/jobs/tb21c-8x512k-hyd-p1-s5/make-mips-interpreter__DFZMhpv/agent/trajectory.json
Parser warnings: - Extra text detected before JSON object
Trajectory dumped to /home/ubuntu/tb21/jobs/tb21c-8x512k-hyd-p1-s5/make-mips-interpreter__DFZMhpv/agent/trajectory.json
Trajectory dumped to /home/ubuntu/tb21/jobs/tb21c-8x512k-hyd-p1-s5/make-mips-interpreter__DFZMhpv/agent/trajectory.json
Parser warnings: - Extra text detected before JSON object
Trajectory dumped to /home/ubuntu/tb21/jobs/tb21c-8x512k-hyd-p1-s5/make-mips-interpreter__DFZMhpv/agent/trajectory.json
Parser warnings: - Extra text detected before JSON object
Trajectory dumped to /home/ubuntu/tb21/jobs/tb21c-8x512k-hyd-p1-s5/make-mips-interpreter__DFZMhpv/agent/trajectory.json
Parser warnings: - Extra text detected before JSON object
Trajectory dumped to /home/ubuntu/tb21/jobs/tb21c-8x512k-hyd-p1-s5/make-mips-interpreter__DFZMhpv/agent/trajectory.json
Parser warnings: - Extra text detected before JSON object
Trajectory dumped to /home/ubuntu/tb21/jobs/tb21c-8x512k-hyd-p1-s5/make-mips-interpreter__DFZMhpv/agent/trajectory.json
Parser warnings: - Extra text detected before JSON object
Trajectory dumped to /home/ubuntu/tb21/jobs/tb21c-8x512k-hyd-p1-s5/make-mips-interpreter__DFZMhpv/agent/trajectory.json
Parser warnings: - Extra text detected before JSON object
Trajectory dumped to /home/ubuntu/tb21/jobs/tb21c-8x512k-hyd-p1-s5/make-mips-interpreter__DFZMhpv/agent/trajectory.json
Trajectory dumped to /home/ubuntu/tb21/jobs/tb21c-8x512k-hyd-p1-s5/make-mips-interpreter__DFZMhpv/agent/trajectory.json
Parser warnings: - Extra text detected before JSON object
Trajectory dumped to /home/ubuntu/tb21/jobs/tb21c-8x512k-hyd-p1-s5/make-mips-interpreter__DFZMhpv/agent/trajectory.json
Parser warnings: - Extra text detected before JSON object
Trajectory dumped to /home/ubuntu/tb21/jobs/tb21c-8x512k-hyd-p1-s5/make-mips-interpreter__DFZMhpv/agent/trajectory.json
Parser warnings: - Extra text detected before JSON object
Trajectory dumped to /home/ubuntu/tb21/jobs/tb21c-8x512k-hyd-p1-s5/make-mips-interpreter__DFZMhpv/agent/trajectory.json
Parser warnings: - Extra text detected before JSON object
Trajectory dumped to /home/ubuntu/tb21/jobs/tb21c-8x512k-hyd-p1-s5/make-mips-interpreter__DFZMhpv/agent/trajectory.json
Parser warnings: - Extra text detected before JSON object
Trajectory dumped to /home/ubuntu/tb21/jobs/tb21c-8x512k-hyd-p1-s5/make-mips-interpreter__DFZMhpv/agent/trajectory.json
Parser warnings: - Extra text detected before JSON object
Trajectory dumped to /home/ubuntu/tb21/jobs/tb21c-8x512k-hyd-p1-s5/make-mips-interpreter__DFZMhpv/agent/trajectory.json
Parser warnings: - Extra text detected before JSON object
Trajectory dumped to /home/ubuntu/tb21/jobs/tb21c-8x512k-hyd-p1-s5/make-mips-interpreter__DFZMhpv/agent/trajectory.json
Parser warnings: - Extra text detected before JSON object
Trajectory dumped to /home/ubuntu/tb21/jobs/tb21c-8x512k-hyd-p1-s5/make-mips-interpreter__DFZMhpv/agent/trajectory.json
Parser warnings: - Extra text detected before JSON object
Trajectory dumped to /home/ubuntu/tb21/jobs/tb21c-8x512k-hyd-p1-s5/make-mips-interpreter__DFZMhpv/agent/trajectory.json
Parser warnings: - Extra text detected before JSON object
Trajectory dumped to /home/ubuntu/tb21/jobs/tb21c-8x512k-hyd-p1-s5/make-mips-interpreter__DFZMhpv/agent/trajectory.json
Parser warnings: - Extra text detected before JSON object
Trajectory dumped to /home/ubuntu/tb21/jobs/tb21c-8x512k-hyd-p1-s5/make-mips-interpreter__DFZMhpv/agent/trajectory.json
Parser warnings: - Extra text detected before JSON object
Trajectory dumped to /home/ubuntu/tb21/jobs/tb21c-8x512k-hyd-p1-s5/make-mips-interpreter__DFZMhpv/agent/trajectory.json
Parser warnings: - Extra text detected before JSON object
Trajectory dumped to /home/ubuntu/tb21/jobs/tb21c-8x512k-hyd-p1-s5/make-mips-interpreter__DFZMhpv/agent/trajectory.json
Parser warnings: - Extra text detected before JSON object
Trajectory dumped to /home/ubuntu/tb21/jobs/tb21c-8x512k-hyd-p1-s5/make-mips-interpreter__DFZMhpv/agent/trajectory.json
Parser warnings: - Extra text detected before JSON object
Trajectory dumped to /home/ubuntu/tb21/jobs/tb21c-8x512k-hyd-p1-s5/make-mips-interpreter__DFZMhpv/agent/trajectory.json
Parser warnings: - Extra text detected before JSON object
Trajectory dumped to /home/ubuntu/tb21/jobs/tb21c-8x512k-hyd-p1-s5/make-mips-interpreter__DFZMhpv/agent/trajectory.json
Parser warnings: - Extra text detected before JSON object
Trajectory dumped to /home/ubuntu/tb21/jobs/tb21c-8x512k-hyd-p1-s5/make-mips-interpreter__DFZMhpv/agent/trajectory.json
Parser warnings: - Extra text detected before JSON object
Trajectory dumped to /home/ubuntu/tb21/jobs/tb21c-8x512k-hyd-p1-s5/make-mips-interpreter__DFZMhpv/agent/trajectory.json
Parser warnings: - Extra text detected before JSON object
Trajectory dumped to /home/ubuntu/tb21/jobs/tb21c-8x512k-hyd-p1-s5/make-mips-interpreter__DFZMhpv/agent/trajectory.json
Parser warnings: - Extra text detected before JSON object
Trajectory dumped to /home/ubuntu/tb21/jobs/tb21c-8x512k-hyd-p1-s5/make-mips-interpreter__DFZMhpv/agent/trajectory.json
Parser warnings: - Extra text detected before JSON object
Trajectory dumped to /home/ubuntu/tb21/jobs/tb21c-8x512k-hyd-p1-s5/make-mips-interpreter__DFZMhpv/agent/trajectory.json
Parser warnings: - Extra text detected before JSON object
Trajectory dumped to /home/ubuntu/tb21/jobs/tb21c-8x512k-hyd-p1-s5/make-mips-interpreter__DFZMhpv/agent/trajectory.json
Parser warnings: - Extra text detected before JSON object
Trajectory dumped to /home/ubuntu/tb21/jobs/tb21c-8x512k-hyd-p1-s5/make-mips-interpreter__DFZMhpv/agent/trajectory.json
Parser warnings: - Extra text detected before JSON object
Trajectory dumped to /home/ubuntu/tb21/jobs/tb21c-8x512k-hyd-p1-s5/make-mips-interpreter__DFZMhpv/agent/trajectory.json
Parser warnings: - Extra text detected before JSON object
Trajectory dumped to /home/ubuntu/tb21/jobs/tb21c-8x512k-hyd-p1-s5/make-mips-interpreter__DFZMhpv/agent/trajectory.json
Parser warnings: - Extra text detected before JSON object
Trajectory dumped to /home/ubuntu/tb21/jobs/tb21c-8x512k-hyd-p1-s5/make-mips-interpreter__DFZMhpv/agent/trajectory.json
Parser warnings: - Extra text detected before JSON object
Trajectory dumped to /home/ubuntu/tb21/jobs/tb21c-8x512k-hyd-p1-s5/make-mips-interpreter__DFZMhpv/agent/trajectory.json
Parser warnings: - Extra text detected before JSON object
Trajectory dumped to /home/ubuntu/tb21/jobs/tb21c-8x512k-hyd-p1-s5/make-mips-interpreter__DFZMhpv/agent/trajectory.json
Parser warnings: - Extra text detected before JSON object
Trajectory dumped to /home/ubuntu/tb21/jobs/tb21c-8x512k-hyd-p1-s5/make-mips-interpreter__DFZMhpv/agent/trajectory.json
Parser warnings: - Extra text detected before JSON object
Trajectory dumped to /home/ubuntu/tb21/jobs/tb21c-8x512k-hyd-p1-s5/make-mips-interpreter__DFZMhpv/agent/trajectory.json
Parser warnings: - Extra text detected before JSON object
Trajectory dumped to /home/ubuntu/tb21/jobs/tb21c-8x512k-hyd-p1-s5/make-mips-interpreter__DFZMhpv/agent/trajectory.json
Parser warnings: - Extra text detected before JSON object
Trajectory dumped to /home/ubuntu/tb21/jobs/tb21c-8x512k-hyd-p1-s5/make-mips-interpreter__DFZMhpv/agent/trajectory.json
Parser warnings: - Extra text detected before JSON object
Trajectory dumped to /home/ubuntu/tb21/jobs/tb21c-8x512k-hyd-p1-s5/make-mips-interpreter__DFZMhpv/agent/trajectory.json
Parser warnings: - Extra text detected before JSON object
Trajectory dumped to /home/ubuntu/tb21/jobs/tb21c-8x512k-hyd-p1-s5/make-mips-interpreter__DFZMhpv/agent/trajectory.json
Parser warnings: - Extra text detected before JSON object
Trajectory dumped to /home/ubuntu/tb21/jobs/tb21c-8x512k-hyd-p1-s5/make-mips-interpreter__DFZMhpv/agent/trajectory.json
Parser warnings: - Extra text detected before JSON object
Trajectory dumped to /home/ubuntu/tb21/jobs/tb21c-8x512k-hyd-p1-s5/make-mips-interpreter__DFZMhpv/agent/trajectory.json
Trajectory dumped to /home/ubuntu/tb21/jobs/tb21c-8x512k-hyd-p1-s5/make-mips-interpreter__DFZMhpv/agent/trajectory.json
Collecting main service artifacts
Trial make-mips-interpreter__DFZMhpv cancelled
Skipping exception record because trial already has exception_info
Traceback (most recent call last):
  File "/usr/lib/python3.12/asyncio/runners.py", line 194, in run
    return runner.run(main)
           ^^^^^^^^^^^^^^^^
  File "/usr/lib/python3.12/asyncio/runners.py", line 118, in run
    return self._loop.run_until_complete(task)
           ^^^^^^^^^^^^^^^^^^^^^^^^^^^^^^^^^^^
  File "/usr/lib/python3.12/asyncio/base_events.py", line 674, in run_until_complete
    self.run_forever()
  File "/usr/lib/python3.12/asyncio/base_events.py", line 641, in run_forever
    self._run_once()
  File "/usr/lib/python3.12/asyncio/base_events.py", line 1949, in _run_once
    event_list = self._selector.select(timeout)
                 ^^^^^^^^^^^^^^^^^^^^^^^^^^^^^^
  File "/usr/lib/python3.12/selectors.py", line 468, in select
    fd_event_list = self._selector.poll(timeout, max_ev)
                    ^^^^^^^^^^^^^^^^^^^^^^^^^^^^^^^^^^^^
  File "/home/ubuntu/.[REDACTED]/share/uv/tools/harbor/lib/python3.12/site-packages/harbor/cli/jobs.py", line 318, in _handle_sigterm
    raise KeyboardInterrupt
KeyboardInterrupt

During handling of the above exception, another exception occurred:

Traceback (most recent call last):
  File "/home/ubuntu/.[REDACTED]/share/uv/tools/harbor/lib/python3.12/site-packages/harbor/trial/trial.py", line 378, in run
    await self._run()
  File "/home/ubuntu/.[REDACTED]/share/uv/tools/harbor/lib/python3.12/site-packages/harbor/trial/single_step.py", line 52, in _run
    await self._run_verifier()
  File "/home/ubuntu/.[REDACTED]/share/uv/tools/harbor/lib/python3.12/site-packages/harbor/trial/single_step.py", line 106, in _run_verifier
    self.result.verifier_result = await self._run_shared_verifier(
                                  ^^^^^^^^^^^^^^^^^^^^^^^^^^^^^^^^
  File "/home/ubuntu/.[REDACTED]/share/uv/tools/harbor/lib/python3.12/site-packages/harbor/trial/trial.py", line 565, in _run_shared_verifier
    return await asyncio.wait_for(
           ^^^^^^^^^^^^^^^^^^^^^^^
  File "/usr/lib/python3.12/asyncio/tasks.py", line 520, in wait_for
    return await fut
           ^^^^^^^^^
  File "/home/ubuntu/.[REDACTED]/share/uv/tools/harbor/lib/python3.12/site-packages/harbor/verifier/verifier.py", line 199, in verify
    await self.environment.exec(
  File "/home/ubuntu/.[REDACTED]/share/uv/tools/harbor/lib/python3.12/site-packages/harbor/environments/docker/docker.py", line 1096, in exec
    return await self._compose_exec(
           ^^^^^^^^^^^^^^^^^^^^^^^^^
  File "/home/ubuntu/.[REDACTED]/share/uv/tools/harbor/lib/python3.12/site-packages/harbor/environments/docker/docker.py", line 1173, in _compose_exec
    return await self._run_docker_compose_command(
           ^^^^^^^^^^^^^^^^^^^^^^^^^^^^^^^^^^^^^^^
  File "/home/ubuntu/.[REDACTED]/share/uv/tools/harbor/lib/python3.12/site-packages/harbor/environments/docker/docker.py", line 649, in _run_docker_compose_command
    result = await self._collect_buffered_output(
             ^^^^^^^^^^^^^^^^^^^^^^^^^^^^^^^^^^^^
  File "/home/ubuntu/.[REDACTED]/share/uv/tools/harbor/lib/python3.12/site-packages/harbor/environments/docker/docker.py", line 679, in _collect_buffered_output
    stdout_bytes, stderr_bytes = await process.communicate(input=stdin_data)
                                 ^^^^^^^^^^^^^^^^^^^^^^^^^^^^^^^^^^^^^^^^^^^
  File "/usr/lib/python3.12/asyncio/subprocess.py", line 201, in communicate
    stdin, stdout, stderr = await tasks.gather(stdin, stdout, stderr)
                            ^^^^^^^^^^^^^^^^^^^^^^^^^^^^^^^^^^^^^^^^^
  File "/usr/lib/python3.12/asyncio/subprocess.py", line 181, in _read_stream
    output = await stream.read()
             ^^^^^^^^^^^^^^^^^^^
  File "/usr/lib/python3.12/asyncio/streams.py", line 706, in read
    block = await self.read(self._limit)
            ^^^^^^^^^^^^^^^^^^^^^^^^^^^^
  File "/usr/lib/python3.12/asyncio/streams.py", line 713, in read
    await self._wait_for_data('read')
  File "/usr/lib/python3.12/asyncio/streams.py", line 545, in _wait_for_data
    await self._waiter
asyncio.exceptions.CancelledError
