Trajectory dumped to /home/ubuntu/tb21/jobs/tb21c-8x512k-hyd-p1-s3/path-tracing-reverse__eGEAaSn/agent/trajectory.json
Trajectory dumped to /home/ubuntu/tb21/jobs/tb21c-8x512k-hyd-p1-s3/path-tracing-reverse__eGEAaSn/agent/trajectory.json
Parser warnings: - Extra text detected before JSON object
- Extra text detected after JSON object
Trajectory dumped to /home/ubuntu/tb21/jobs/tb21c-8x512k-hyd-p1-s3/path-tracing-reverse__eGEAaSn/agent/trajectory.json
Trajectory dumped to /home/ubuntu/tb21/jobs/tb21c-8x512k-hyd-p1-s3/path-tracing-reverse__eGEAaSn/agent/trajectory.json
Trajectory dumped to /home/ubuntu/tb21/jobs/tb21c-8x512k-hyd-p1-s3/path-tracing-reverse__eGEAaSn/agent/trajectory.json
Trajectory dumped to /home/ubuntu/tb21/jobs/tb21c-8x512k-hyd-p1-s3/path-tracing-reverse__eGEAaSn/agent/trajectory.json
Trajectory dumped to /home/ubuntu/tb21/jobs/tb21c-8x512k-hyd-p1-s3/path-tracing-reverse__eGEAaSn/agent/trajectory.json
Trajectory dumped to /home/ubuntu/tb21/jobs/tb21c-8x512k-hyd-p1-s3/path-tracing-reverse__eGEAaSn/agent/trajectory.json
Trajectory dumped to /home/ubuntu/tb21/jobs/tb21c-8x512k-hyd-p1-s3/path-tracing-reverse__eGEAaSn/agent/trajectory.json
Trajectory dumped to /home/ubuntu/tb21/jobs/tb21c-8x512k-hyd-p1-s3/path-tracing-reverse__eGEAaSn/agent/trajectory.json
Trajectory dumped to /home/ubuntu/tb21/jobs/tb21c-8x512k-hyd-p1-s3/path-tracing-reverse__eGEAaSn/agent/trajectory.json
Trajectory dumped to /home/ubuntu/tb21/jobs/tb21c-8x512k-hyd-p1-s3/path-tracing-reverse__eGEAaSn/agent/trajectory.json
Trajectory dumped to /home/ubuntu/tb21/jobs/tb21c-8x512k-hyd-p1-s3/path-tracing-reverse__eGEAaSn/agent/trajectory.json
Trajectory dumped to /home/ubuntu/tb21/jobs/tb21c-8x512k-hyd-p1-s3/path-tracing-reverse__eGEAaSn/agent/trajectory.json
Trajectory dumped to /home/ubuntu/tb21/jobs/tb21c-8x512k-hyd-p1-s3/path-tracing-reverse__eGEAaSn/agent/trajectory.json
Trajectory dumped to /home/ubuntu/tb21/jobs/tb21c-8x512k-hyd-p1-s3/path-tracing-reverse__eGEAaSn/agent/trajectory.json
Trajectory dumped to /home/ubuntu/tb21/jobs/tb21c-8x512k-hyd-p1-s3/path-tracing-reverse__eGEAaSn/agent/trajectory.json
Trajectory dumped to /home/ubuntu/tb21/jobs/tb21c-8x512k-hyd-p1-s3/path-tracing-reverse__eGEAaSn/agent/trajectory.json
Trajectory dumped to /home/ubuntu/tb21/jobs/tb21c-8x512k-hyd-p1-s3/path-tracing-reverse__eGEAaSn/agent/trajectory.json
Trajectory dumped to /home/ubuntu/tb21/jobs/tb21c-8x512k-hyd-p1-s3/path-tracing-reverse__eGEAaSn/agent/trajectory.json
Trajectory dumped to /home/ubuntu/tb21/jobs/tb21c-8x512k-hyd-p1-s3/path-tracing-reverse__eGEAaSn/agent/trajectory.json
Parser warnings: - Extra text detected before JSON object
- Extra text detected after JSON object
Parser warnings: - AUTO-CORRECTED: Fixed incomplete JSON by adding missing closing brace - please fix this in future responses
Trajectory dumped to /home/ubuntu/tb21/jobs/tb21c-8x512k-hyd-p1-s3/path-tracing-reverse__eGEAaSn/agent/trajectory.json
Parser warnings: - AUTO-CORRECTED: Fixed incomplete JSON by adding missing closing brace - please fix this in future responses
Trajectory dumped to /home/ubuntu/tb21/jobs/tb21c-8x512k-hyd-p1-s3/path-tracing-reverse__eGEAaSn/agent/trajectory.json
Parser warnings: - AUTO-CORRECTED: Fixed incomplete JSON by adding missing closing brace - please fix this in future responses
Trajectory dumped to /home/ubuntu/tb21/jobs/tb21c-8x512k-hyd-p1-s3/path-tracing-reverse__eGEAaSn/agent/trajectory.json
Parser warnings: - AUTO-CORRECTED: Fixed incomplete JSON by adding missing closing brace - please fix this in future responses
Trajectory dumped to /home/ubuntu/tb21/jobs/tb21c-8x512k-hyd-p1-s3/path-tracing-reverse__eGEAaSn/agent/trajectory.json
Parser warnings: - No valid JSON object found
Parser warnings: - AUTO-CORRECTED: Fixed incomplete JSON by adding missing closing brace - please fix this in future responses
Trajectory dumped to /home/ubuntu/tb21/jobs/tb21c-8x512k-hyd-p1-s3/path-tracing-reverse__eGEAaSn/agent/trajectory.json
Parser warnings: - AUTO-CORRECTED: Fixed incomplete JSON by adding missing closing brace - please fix this in future responses
Trajectory dumped to /home/ubuntu/tb21/jobs/tb21c-8x512k-hyd-p1-s3/path-tracing-reverse__eGEAaSn/agent/trajectory.json
Parser warnings: - AUTO-CORRECTED: Fixed incomplete JSON by adding missing closing brace - please fix this in future responses
Trajectory dumped to /home/ubuntu/tb21/jobs/tb21c-8x512k-hyd-p1-s3/path-tracing-reverse__eGEAaSn/agent/trajectory.json
Parser warnings: - AUTO-CORRECTED: Fixed incomplete JSON by adding missing closing brace - please fix this in future responses
Trajectory dumped to /home/ubuntu/tb21/jobs/tb21c-8x512k-hyd-p1-s3/path-tracing-reverse__eGEAaSn/agent/trajectory.json
Parser warnings: - AUTO-CORRECTED: Fixed incomplete JSON by adding missing closing brace - please fix this in future responses
Trajectory dumped to /home/ubuntu/tb21/jobs/tb21c-8x512k-hyd-p1-s3/path-tracing-reverse__eGEAaSn/agent/trajectory.json
Parser warnings: - AUTO-CORRECTED: Fixed incomplete JSON by adding missing closing brace - please fix this in future responses
Trajectory dumped to /home/ubuntu/tb21/jobs/tb21c-8x512k-hyd-p1-s3/path-tracing-reverse__eGEAaSn/agent/trajectory.json
Parser warnings: - AUTO-CORRECTED: Fixed incomplete JSON by adding missing closing brace - please fix this in future responses
Trajectory dumped to /home/ubuntu/tb21/jobs/tb21c-8x512k-hyd-p1-s3/path-tracing-reverse__eGEAaSn/agent/trajectory.json
Parser warnings: - AUTO-CORRECTED: Fixed incomplete JSON by adding missing closing brace - please fix this in future responses
Trajectory dumped to /home/ubuntu/tb21/jobs/tb21c-8x512k-hyd-p1-s3/path-tracing-reverse__eGEAaSn/agent/trajectory.json
Parser warnings: - AUTO-CORRECTED: Fixed incomplete JSON by adding missing closing brace - please fix this in future responses
Trajectory dumped to /home/ubuntu/tb21/jobs/tb21c-8x512k-hyd-p1-s3/path-tracing-reverse__eGEAaSn/agent/trajectory.json
Parser warnings: - Extra text detected before JSON object
- Extra text detected after JSON object
Parser warnings: - AUTO-CORRECTED: Fixed incomplete JSON by adding missing closing brace - please fix this in future responses
Trajectory dumped to /home/ubuntu/tb21/jobs/tb21c-8x512k-hyd-p1-s3/path-tracing-reverse__eGEAaSn/agent/trajectory.json
Parser warnings: - AUTO-CORRECTED: Fixed incomplete JSON by adding missing closing brace - please fix this in future responses
Trajectory dumped to /home/ubuntu/tb21/jobs/tb21c-8x512k-hyd-p1-s3/path-tracing-reverse__eGEAaSn/agent/trajectory.json
Trajectory dumped to /home/ubuntu/tb21/jobs/tb21c-8x512k-hyd-p1-s3/path-tracing-reverse__eGEAaSn/agent/trajectory.json
Trajectory dumped to /home/ubuntu/tb21/jobs/tb21c-8x512k-hyd-p1-s3/path-tracing-reverse__eGEAaSn/agent/trajectory.json
Parser warnings: - AUTO-CORRECTED: Fixed incomplete JSON by adding missing closing brace - please fix this in future responses
Trajectory dumped to /home/ubuntu/tb21/jobs/tb21c-8x512k-hyd-p1-s3/path-tracing-reverse__eGEAaSn/agent/trajectory.json
Parser warnings: - AUTO-CORRECTED: Fixed incomplete JSON by adding missing closing brace - please fix this in future responses
Trajectory dumped to /home/ubuntu/tb21/jobs/tb21c-8x512k-hyd-p1-s3/path-tracing-reverse__eGEAaSn/agent/trajectory.json
Parser warnings: - AUTO-CORRECTED: Fixed incomplete JSON by adding missing closing brace - please fix this in future responses
Trajectory dumped to /home/ubuntu/tb21/jobs/tb21c-8x512k-hyd-p1-s3/path-tracing-reverse__eGEAaSn/agent/trajectory.json
Parser warnings: - Extra text detected before JSON object
- Extra text detected after JSON object
Parser warnings: - AUTO-CORRECTED: Fixed incomplete JSON by adding missing closing brace - please fix this in future responses
Trajectory dumped to /home/ubuntu/tb21/jobs/tb21c-8x512k-hyd-p1-s3/path-tracing-reverse__eGEAaSn/agent/trajectory.json
Parser warnings: - AUTO-CORRECTED: Fixed incomplete JSON by adding missing closing brace - please fix this in future responses
Trajectory dumped to /home/ubuntu/tb21/jobs/tb21c-8x512k-hyd-p1-s3/path-tracing-reverse__eGEAaSn/agent/trajectory.json
Parser warnings: - AUTO-CORRECTED: Fixed incomplete JSON by adding missing closing brace - please fix this in future responses
Trajectory dumped to /home/ubuntu/tb21/jobs/tb21c-8x512k-hyd-p1-s3/path-tracing-reverse__eGEAaSn/agent/trajectory.json
Parser warnings: - AUTO-CORRECTED: Fixed incomplete JSON by adding missing closing brace - please fix this in future responses
Trajectory dumped to /home/ubuntu/tb21/jobs/tb21c-8x512k-hyd-p1-s3/path-tracing-reverse__eGEAaSn/agent/trajectory.json
Parser warnings: - AUTO-CORRECTED: Fixed incomplete JSON by adding missing closing brace - please fix this in future responses
Trajectory dumped to /home/ubuntu/tb21/jobs/tb21c-8x512k-hyd-p1-s3/path-tracing-reverse__eGEAaSn/agent/trajectory.json
Parser warnings: - AUTO-CORRECTED: Fixed incomplete JSON by adding missing closing brace - please fix this in future responses
Trajectory dumped to /home/ubuntu/tb21/jobs/tb21c-8x512k-hyd-p1-s3/path-tracing-reverse__eGEAaSn/agent/trajectory.json
Parser warnings: - Extra text detected before JSON object
- Extra text detected after JSON object
Parser warnings: - AUTO-CORRECTED: Fixed incomplete JSON by adding missing closing brace - please fix this in future responses
Trajectory dumped to /home/ubuntu/tb21/jobs/tb21c-8x512k-hyd-p1-s3/path-tracing-reverse__eGEAaSn/agent/trajectory.json
Parser warnings: - AUTO-CORRECTED: Fixed incomplete JSON by adding missing closing brace - please fix this in future responses
Trajectory dumped to /home/ubuntu/tb21/jobs/tb21c-8x512k-hyd-p1-s3/path-tracing-reverse__eGEAaSn/agent/trajectory.json
Parser warnings: - AUTO-CORRECTED: Fixed incomplete JSON by adding missing closing brace - please fix this in future responses
Trajectory dumped to /home/ubuntu/tb21/jobs/tb21c-8x512k-hyd-p1-s3/path-tracing-reverse__eGEAaSn/agent/trajectory.json
Parser warnings: - AUTO-CORRECTED: Fixed incomplete JSON by adding missing closing brace - please fix this in future responses
Trajectory dumped to /home/ubuntu/tb21/jobs/tb21c-8x512k-hyd-p1-s3/path-tracing-reverse__eGEAaSn/agent/trajectory.json
Parser warnings: - AUTO-CORRECTED: Fixed incomplete JSON by adding missing closing brace - please fix this in future responses
Trajectory dumped to /home/ubuntu/tb21/jobs/tb21c-8x512k-hyd-p1-s3/path-tracing-reverse__eGEAaSn/agent/trajectory.json
Parser warnings: - AUTO-CORRECTED: Fixed incomplete JSON by adding missing closing brace - please fix this in future responses
Trajectory dumped to /home/ubuntu/tb21/jobs/tb21c-8x512k-hyd-p1-s3/path-tracing-reverse__eGEAaSn/agent/trajectory.json
Parser warnings: - AUTO-CORRECTED: Fixed incomplete JSON by adding missing closing brace - please fix this in future responses
Trajectory dumped to /home/ubuntu/tb21/jobs/tb21c-8x512k-hyd-p1-s3/path-tracing-reverse__eGEAaSn/agent/trajectory.json
Parser warnings: - Extra text detected before JSON object
- Extra text detected after JSON object
Parser warnings: - AUTO-CORRECTED: Fixed incomplete JSON by adding missing closing brace - please fix this in future responses
Trajectory dumped to /home/ubuntu/tb21/jobs/tb21c-8x512k-hyd-p1-s3/path-tracing-reverse__eGEAaSn/agent/trajectory.json
Trajectory dumped to /home/ubuntu/tb21/jobs/tb21c-8x512k-hyd-p1-s3/path-tracing-reverse__eGEAaSn/agent/trajectory.json
Trial path-tracing-reverse__eGEAaSn cancelled
Collecting main service artifacts
