[2026-08-16T04:40:55Z] handover token: handed over by ApcPoisonRepro at 2026-08-16T04:33Z, naming TwentyFourGigProxy explicitly; queue was PerfSweep5090 -> ApcPoisonRepro -> TwentyFourGigProxy 
[2026-08-16T04:40:55Z] attempt TAG=b32e arm=board gates='g1 g2 g5 g6' util=0.7164 len=32768 mtp=3 ballast_free=23.553 rev=c45c273b0d6ef2859cb2d85b36dd52253c80d878
[2026-08-16T04:40:55Z] PHASE before_load
[2026-08-16T04:40:55Z] PHASE ballast
[2026-08-16T04:40:57Z] PHASE startup
[2026-08-16T04:41:23Z] PHASE startup_failed
[2026-08-16T04:41:23Z] STARTUP FAILED TAG=b32e
[2026-08-16T04:49:02Z] handover token: handed over by ApcPoisonRepro at 2026-08-16T04:33Z, naming TwentyFourGigProxy explicitly; queue was PerfSweep5090 -> ApcPoisonRepro -> TwentyFourGigProxy 
[2026-08-16T04:49:02Z] attempt TAG=b32e arm=board gates='g1 g2 g5 g6' util=0.7164 len=32768 mtp=3 ballast_free=23.553 rev=c45c273b0d6ef2859cb2d85b36dd52253c80d878
[2026-08-16T04:49:02Z] PHASE before_load
[2026-08-16T04:49:02Z] PHASE ballast
[2026-08-16T04:49:03Z] PHASE startup
[2026-08-16T04:49:58Z] PHASE startup_done
[2026-08-16T04:49:59Z] PHASE g2_long_needle
[2026-08-16T04:50:10Z] PHASE g2_released
[2026-08-16T04:50:10Z] PHASE g5_decode
[2026-08-16T04:50:18Z] PHASE gate6_second_long
[2026-08-16T04:50:30Z] PHASE shutdown
proxy24-b32e
[2026-08-16T04:50:42Z] PHASE after_release
[2026-08-16T04:50:45Z] PROXY24_DONE TAG=b32e
