[2026-08-16T04:41:55Z] handover token: handed over by ApcPoisonRepro at 2026-08-16T04:33Z, naming TwentyFourGigProxy explicitly; queue was PerfSweep5090 -> ApcPoisonRepro -> TwentyFourGigProxy 
[2026-08-16T04:41:55Z] attempt TAG=b45e arm=board gates='g1 g2 g5 g6' util=0.7164 len=45056 mtp=0 ballast_free=23.553 rev=c45c273b0d6ef2859cb2d85b36dd52253c80d878
[2026-08-16T04:41:55Z] PHASE before_load
[2026-08-16T04:41:55Z] PHASE ballast
[2026-08-16T04:41:57Z] PHASE startup
[2026-08-16T04:42:23Z] PHASE startup_failed
[2026-08-16T04:42:23Z] STARTUP FAILED TAG=b45e
[2026-08-16T04:52:14Z] handover token: handed over by ApcPoisonRepro at 2026-08-16T04:33Z, naming TwentyFourGigProxy explicitly; queue was PerfSweep5090 -> ApcPoisonRepro -> TwentyFourGigProxy 
[2026-08-16T04:52:14Z] attempt TAG=b45e arm=board gates='g1 g2 g5 g6' util=0.7164 len=45056 mtp=0 ballast_free=23.553 rev=c45c273b0d6ef2859cb2d85b36dd52253c80d878
[2026-08-16T04:52:14Z] PHASE before_load
[2026-08-16T04:52:14Z] PHASE ballast
[2026-08-16T04:52:15Z] PHASE startup
[2026-08-16T04:53:11Z] PHASE startup_done
[2026-08-16T04:53:11Z] PHASE g2_long_needle
[2026-08-16T04:53:27Z] PHASE g2_released
[2026-08-16T04:53:27Z] PHASE g5_decode
[2026-08-16T04:53:44Z] PHASE gate6_second_long
[2026-08-16T04:54:00Z] PHASE shutdown
proxy24-b45e
[2026-08-16T04:54:12Z] PHASE after_release
[2026-08-16T04:54:15Z] PROXY24_DONE TAG=b45e
