[2026-08-16T04:41:25Z] handover token: handed over by ApcPoisonRepro at 2026-08-16T04:33Z, naming TwentyFourGigProxy explicitly; queue was PerfSweep5090 -> ApcPoisonRepro -> TwentyFourGigProxy 
[2026-08-16T04:41:25Z] attempt TAG=b32m arm=board gates='g1 g3 g4' util=0.7164 len=32768 mtp=3 ballast_free=23.553 rev=c45c273b0d6ef2859cb2d85b36dd52253c80d878
[2026-08-16T04:41:25Z] PHASE before_load
[2026-08-16T04:41:25Z] PHASE ballast
[2026-08-16T04:41:27Z] PHASE startup
[2026-08-16T04:41:53Z] PHASE startup_failed
[2026-08-16T04:41:53Z] STARTUP FAILED TAG=b32m
[2026-08-16T04:50:45Z] handover token: handed over by ApcPoisonRepro at 2026-08-16T04:33Z, naming TwentyFourGigProxy explicitly; queue was PerfSweep5090 -> ApcPoisonRepro -> TwentyFourGigProxy 
[2026-08-16T04:50:45Z] attempt TAG=b32m arm=board gates='g1 g3 g4' util=0.7164 len=32768 mtp=3 ballast_free=23.553 rev=c45c273b0d6ef2859cb2d85b36dd52253c80d878
[2026-08-16T04:50:45Z] PHASE before_load
[2026-08-16T04:50:45Z] PHASE ballast
[2026-08-16T04:50:45Z] PHASE startup
[2026-08-16T04:51:41Z] PHASE startup_done
[2026-08-16T04:51:42Z] PHASE gate3_combined
[2026-08-16T04:51:54Z] PHASE gate3_released
[2026-08-16T04:51:54Z] PHASE gate4_vision
[2026-08-16T04:52:00Z] PHASE shutdown
proxy24-b32m
[2026-08-16T04:52:11Z] PHASE after_release
[2026-08-16T04:52:14Z] PROXY24_DONE TAG=b32m
