[2026-08-16T04:42:25Z] handover token: handed over by ApcPoisonRepro at 2026-08-16T04:33Z, naming TwentyFourGigProxy explicitly; queue was PerfSweep5090 -> ApcPoisonRepro -> TwentyFourGigProxy 
[2026-08-16T04:42:25Z] attempt TAG=b45m arm=board gates='g1 g3 g4' util=0.7164 len=45056 mtp=0 ballast_free=23.553 rev=c45c273b0d6ef2859cb2d85b36dd52253c80d878
[2026-08-16T04:42:26Z] PHASE before_load
[2026-08-16T04:42:26Z] PHASE ballast
[2026-08-16T04:42:28Z] PHASE startup
[2026-08-16T04:42:53Z] PHASE startup_failed
[2026-08-16T04:42:54Z] STARTUP FAILED TAG=b45m
[2026-08-16T04:54:15Z] handover token: handed over by ApcPoisonRepro at 2026-08-16T04:33Z, naming TwentyFourGigProxy explicitly; queue was PerfSweep5090 -> ApcPoisonRepro -> TwentyFourGigProxy 
[2026-08-16T04:54:15Z] attempt TAG=b45m arm=board gates='g1 g3 g4' util=0.7164 len=45056 mtp=0 ballast_free=23.553 rev=c45c273b0d6ef2859cb2d85b36dd52253c80d878
[2026-08-16T04:54:15Z] PHASE before_load
[2026-08-16T04:54:15Z] PHASE ballast
[2026-08-16T04:54:16Z] PHASE startup
[2026-08-16T04:55:11Z] PHASE startup_done
[2026-08-16T04:55:12Z] PHASE gate3_combined
[2026-08-16T04:55:29Z] PHASE gate3_released
[2026-08-16T04:55:29Z] PHASE gate4_vision
[2026-08-16T04:55:34Z] PHASE shutdown
proxy24-b45m
[2026-08-16T04:55:46Z] PHASE after_release
[2026-08-16T04:55:49Z] PROXY24_DONE TAG=b45m
