Trajectory dumped to /home/ubuntu/tb21/jobs/tb21c-8x512k-hyd-p1-s7/gcode-to-text__Y4xii2N/agent/trajectory.json
Trajectory dumped to /home/ubuntu/tb21/jobs/tb21c-8x512k-hyd-p1-s7/gcode-to-text__Y4xii2N/agent/trajectory.json
Trajectory dumped to /home/ubuntu/tb21/jobs/tb21c-8x512k-hyd-p1-s7/gcode-to-text__Y4xii2N/agent/trajectory.json
Trajectory dumped to /home/ubuntu/tb21/jobs/tb21c-8x512k-hyd-p1-s7/gcode-to-text__Y4xii2N/agent/trajectory.json
Trajectory dumped to /home/ubuntu/tb21/jobs/tb21c-8x512k-hyd-p1-s7/gcode-to-text__Y4xii2N/agent/trajectory.json
Parser warnings: - Extra text detected before JSON object
Trajectory dumped to /home/ubuntu/tb21/jobs/tb21c-8x512k-hyd-p1-s7/gcode-to-text__Y4xii2N/agent/trajectory.json
Parser warnings: - Extra text detected before JSON object
Trajectory dumped to /home/ubuntu/tb21/jobs/tb21c-8x512k-hyd-p1-s7/gcode-to-text__Y4xii2N/agent/trajectory.json
Parser warnings: - Extra text detected before JSON object
Trajectory dumped to /home/ubuntu/tb21/jobs/tb21c-8x512k-hyd-p1-s7/gcode-to-text__Y4xii2N/agent/trajectory.json
Parser warnings: - Extra text detected before JSON object
Trajectory dumped to /home/ubuntu/tb21/jobs/tb21c-8x512k-hyd-p1-s7/gcode-to-text__Y4xii2N/agent/trajectory.json
Trajectory dumped to /home/ubuntu/tb21/jobs/tb21c-8x512k-hyd-p1-s7/gcode-to-text__Y4xii2N/agent/trajectory.json
Parser warnings: - Extra text detected before JSON object
Trajectory dumped to /home/ubuntu/tb21/jobs/tb21c-8x512k-hyd-p1-s7/gcode-to-text__Y4xii2N/agent/trajectory.json
Trajectory dumped to /home/ubuntu/tb21/jobs/tb21c-8x512k-hyd-p1-s7/gcode-to-text__Y4xii2N/agent/trajectory.json
Trajectory dumped to /home/ubuntu/tb21/jobs/tb21c-8x512k-hyd-p1-s7/gcode-to-text__Y4xii2N/agent/trajectory.json
Parser warnings: - Command 1 should end with newline when followed by another command. Otherwise the two commands will be concatenated together on the same line.
Trajectory dumped to /home/ubuntu/tb21/jobs/tb21c-8x512k-hyd-p1-s7/gcode-to-text__Y4xii2N/agent/trajectory.json
Parser warnings: - Extra text detected before JSON object
Trajectory dumped to /home/ubuntu/tb21/jobs/tb21c-8x512k-hyd-p1-s7/gcode-to-text__Y4xii2N/agent/trajectory.json
Parser warnings: - Extra text detected before JSON object
Trajectory dumped to /home/ubuntu/tb21/jobs/tb21c-8x512k-hyd-p1-s7/gcode-to-text__Y4xii2N/agent/trajectory.json
Parser warnings: - Extra text detected before JSON object
Trajectory dumped to /home/ubuntu/tb21/jobs/tb21c-8x512k-hyd-p1-s7/gcode-to-text__Y4xii2N/agent/trajectory.json
Trajectory dumped to /home/ubuntu/tb21/jobs/tb21c-8x512k-hyd-p1-s7/gcode-to-text__Y4xii2N/agent/trajectory.json
Parser warnings: - AUTO-CORRECTED: Extracted JSON from mixed content - please fix this in future responses
Trajectory dumped to /home/ubuntu/tb21/jobs/tb21c-8x512k-hyd-p1-s7/gcode-to-text__Y4xii2N/agent/trajectory.json
Parser warnings: - Extra text detected before JSON object
- Extra text detected after JSON object
Trajectory dumped to /home/ubuntu/tb21/jobs/tb21c-8x512k-hyd-p1-s7/gcode-to-text__Y4xii2N/agent/trajectory.json
Parser warnings: - Extra text detected before JSON object
Trajectory dumped to /home/ubuntu/tb21/jobs/tb21c-8x512k-hyd-p1-s7/gcode-to-text__Y4xii2N/agent/trajectory.json
Parser warnings: - Extra text detected before JSON object
Trajectory dumped to /home/ubuntu/tb21/jobs/tb21c-8x512k-hyd-p1-s7/gcode-to-text__Y4xii2N/agent/trajectory.json
Parser warnings: - Extra text detected before JSON object
Trajectory dumped to /home/ubuntu/tb21/jobs/tb21c-8x512k-hyd-p1-s7/gcode-to-text__Y4xii2N/agent/trajectory.json
Parser warnings: - Extra text detected before JSON object
Trajectory dumped to /home/ubuntu/tb21/jobs/tb21c-8x512k-hyd-p1-s7/gcode-to-text__Y4xii2N/agent/trajectory.json
Parser warnings: - Extra text detected before JSON object
Trajectory dumped to /home/ubuntu/tb21/jobs/tb21c-8x512k-hyd-p1-s7/gcode-to-text__Y4xii2N/agent/trajectory.json
Parser warnings: - Extra text detected before JSON object
Trajectory dumped to /home/ubuntu/tb21/jobs/tb21c-8x512k-hyd-p1-s7/gcode-to-text__Y4xii2N/agent/trajectory.json
Parser warnings: - Extra text detected before JSON object
- Extra text detected after JSON object
Trajectory dumped to /home/ubuntu/tb21/jobs/tb21c-8x512k-hyd-p1-s7/gcode-to-text__Y4xii2N/agent/trajectory.json
Parser warnings: - Extra text detected before JSON object
- Extra text detected after JSON object
Parser warnings: - Command 1: Missing duration field, using default 1.0
Trajectory dumped to /home/ubuntu/tb21/jobs/tb21c-8x512k-hyd-p1-s7/gcode-to-text__Y4xii2N/agent/trajectory.json
Trajectory dumped to /home/ubuntu/tb21/jobs/tb21c-8x512k-hyd-p1-s7/gcode-to-text__Y4xii2N/agent/trajectory.json
Trajectory dumped to /home/ubuntu/tb21/jobs/tb21c-8x512k-hyd-p1-s7/gcode-to-text__Y4xii2N/agent/trajectory.json
Collecting main service artifacts
